2026-08-12 09:18:00,831 - __main__ - INFO - Loading real MFR and DHIS2 exports...
2026-08-12 09:19:26,499 - __main__ - INFO - Loading real MFR and DHIS2 exports...
2026-08-12 09:19:26,844 - __main__ - INFO - MFR: 59917 rows | DHIS2: 37177 rows
2026-08-12 09:19:26,894 - __main__ - INFO - Already linked (verified via dhis2_id): 28383 pairs
2026-08-12 09:19:26,894 - __main__ - INFO - Unlinked MFR facilities to match: 31534
2026-08-12 09:19:26,894 - __main__ - INFO - Unlinked DHIS2 facilities to match: 8796
2026-08-12 09:19:26,968 - FacilityLinkingPipeline - INFO - Pipeline output directory: real_data_results
2026-08-12 09:19:26,969 - FacilityLinkingPipeline - INFO - Loading model: cross-encoder/ms-marco-MiniLM-L-12-v2
2026-08-12 09:19:27,129 - sentence_transformers.base.model - INFO - No device provided, using mps
2026-08-12 09:19:27,880 - httpx - INFO - HTTP Request: HEAD https://huggingface.co/cross-encoder/ms-marco-MiniLM-L-12-v2/resolve/main/modules.json "HTTP/1.1 307 Temporary Redirect"
2026-08-12 09:19:28,113 - httpx - INFO - HTTP Request: HEAD https://huggingface.co/cross-encoder/ms-marco-MiniLM-L12-v2/resolve/main/modules.json "HTTP/1.1 404 Not Found"
2026-08-12 09:19:28,114 - huggingface_hub.utils._http - WARNING - Warning: You are sending unauthenticated requests to the HF Hub. Please set a HF_TOKEN to enable higher rate limits and faster downloads.
2026-08-12 09:19:28,117 - sentence_transformers.base.model - INFO - No modules.json found for cross-encoder/ms-marco-MiniLM-L-12-v2, initializing a new CrossEncoder model.
2026-08-12 09:19:28,402 - httpx - INFO - HTTP Request: GET https://huggingface.co/api/models/cross-encoder/ms-marco-MiniLM-L-12-v2 "HTTP/1.1 307 Temporary Redirect"
2026-08-12 09:19:28,627 - httpx - INFO - HTTP Request: GET https://huggingface.co/api/models/cross-encoder/ms-marco-MiniLM-L12-v2 "HTTP/1.1 200 OK"
2026-08-12 09:19:28,928 - httpx - INFO - HTTP Request: HEAD https://huggingface.co/cross-encoder/ms-marco-MiniLM-L-12-v2/resolve/main/config.json "HTTP/1.1 307 Temporary Redirect"
2026-08-12 09:19:29,150 - httpx - INFO - HTTP Request: HEAD https://huggingface.co/cross-encoder/ms-marco-MiniLM-L12-v2/resolve/main/config.json "HTTP/1.1 307 Temporary Redirect"
2026-08-12 09:19:29,269 - httpx - INFO - HTTP Request: HEAD https://huggingface.co/api/resolve-cache/models/cross-encoder/ms-marco-MiniLM-L12-v2/7b0235231ca2674cb8ca8f022859a6eba2b1c968/config.json "HTTP/1.1 200 OK"
2026-08-12 09:19:29,511 - httpx - INFO - HTTP Request: HEAD https://huggingface.co/cross-encoder/ms-marco-MiniLM-L-12-v2/resolve/main/adapter_config.json "HTTP/1.1 307 Temporary Redirect"
2026-08-12 09:19:29,766 - httpx - INFO - HTTP Request: HEAD https://huggingface.co/cross-encoder/ms-marco-MiniLM-L12-v2/resolve/main/adapter_config.json "HTTP/1.1 404 Not Found"
2026-08-12 09:19:29,991 - httpx - INFO - HTTP Request: HEAD https://huggingface.co/cross-encoder/ms-marco-MiniLM-L-12-v2/resolve/main/config.json "HTTP/1.1 307 Temporary Redirect"
2026-08-12 09:19:30,217 - httpx - INFO - HTTP Request: HEAD https://huggingface.co/cross-encoder/ms-marco-MiniLM-L12-v2/resolve/main/config.json "HTTP/1.1 307 Temporary Redirect"
2026-08-12 09:19:30,333 - httpx - INFO - HTTP Request: HEAD https://huggingface.co/api/resolve-cache/models/cross-encoder/ms-marco-MiniLM-L12-v2/7b0235231ca2674cb8ca8f022859a6eba2b1c968/config.json "HTTP/1.1 200 OK"
2026-08-12 09:19:30,909 - httpx - INFO - HTTP Request: HEAD https://huggingface.co/cross-encoder/ms-marco-MiniLM-L-12-v2/resolve/main/processor_config.json "HTTP/1.1 307 Temporary Redirect"
2026-08-12 09:19:31,126 - httpx - INFO - HTTP Request: HEAD https://huggingface.co/cross-encoder/ms-marco-MiniLM-L12-v2/resolve/main/processor_config.json "HTTP/1.1 404 Not Found"
2026-08-12 09:19:31,350 - httpx - INFO - HTTP Request: HEAD https://huggingface.co/cross-encoder/ms-marco-MiniLM-L-12-v2/resolve/main/preprocessor_config.json "HTTP/1.1 307 Temporary Redirect"
2026-08-12 09:19:31,587 - httpx - INFO - HTTP Request: HEAD https://huggingface.co/cross-encoder/ms-marco-MiniLM-L12-v2/resolve/main/preprocessor_config.json "HTTP/1.1 404 Not Found"
2026-08-12 09:19:31,806 - httpx - INFO - HTTP Request: HEAD https://huggingface.co/cross-encoder/ms-marco-MiniLM-L-12-v2/resolve/main/video_preprocessor_config.json "HTTP/1.1 307 Temporary Redirect"
2026-08-12 09:19:32,073 - httpx - INFO - HTTP Request: HEAD https://huggingface.co/cross-encoder/ms-marco-MiniLM-L12-v2/resolve/main/video_preprocessor_config.json "HTTP/1.1 404 Not Found"
2026-08-12 09:19:32,296 - httpx - INFO - HTTP Request: HEAD https://huggingface.co/cross-encoder/ms-marco-MiniLM-L-12-v2/resolve/main/preprocessor_config.json "HTTP/1.1 307 Temporary Redirect"
2026-08-12 09:19:32,597 - httpx - INFO - HTTP Request: HEAD https://huggingface.co/cross-encoder/ms-marco-MiniLM-L12-v2/resolve/main/preprocessor_config.json "HTTP/1.1 404 Not Found"
2026-08-12 09:19:32,817 - httpx - INFO - HTTP Request: HEAD https://huggingface.co/cross-encoder/ms-marco-MiniLM-L-12-v2/resolve/main/tokenizer_config.json "HTTP/1.1 307 Temporary Redirect"
2026-08-12 09:19:33,124 - httpx - INFO - HTTP Request: HEAD https://huggingface.co/cross-encoder/ms-marco-MiniLM-L12-v2/resolve/main/tokenizer_config.json "HTTP/1.1 307 Temporary Redirect"
2026-08-12 09:19:33,248 - httpx - INFO - HTTP Request: HEAD https://huggingface.co/api/resolve-cache/models/cross-encoder/ms-marco-MiniLM-L12-v2/7b0235231ca2674cb8ca8f022859a6eba2b1c968/tokenizer_config.json "HTTP/1.1 200 OK"
2026-08-12 09:19:33,471 - httpx - INFO - HTTP Request: HEAD https://huggingface.co/cross-encoder/ms-marco-MiniLM-L-12-v2/resolve/main/config.json "HTTP/1.1 307 Temporary Redirect"
2026-08-12 09:19:33,688 - httpx - INFO - HTTP Request: HEAD https://huggingface.co/cross-encoder/ms-marco-MiniLM-L12-v2/resolve/main/config.json "HTTP/1.1 307 Temporary Redirect"
2026-08-12 09:19:33,810 - httpx - INFO - HTTP Request: HEAD https://huggingface.co/api/resolve-cache/models/cross-encoder/ms-marco-MiniLM-L12-v2/7b0235231ca2674cb8ca8f022859a6eba2b1c968/config.json "HTTP/1.1 200 OK"
2026-08-12 09:19:34,045 - httpx - INFO - HTTP Request: HEAD https://huggingface.co/cross-encoder/ms-marco-MiniLM-L-12-v2/resolve/main/config.json "HTTP/1.1 307 Temporary Redirect"
2026-08-12 09:19:34,275 - httpx - INFO - HTTP Request: HEAD https://huggingface.co/cross-encoder/ms-marco-MiniLM-L12-v2/resolve/main/config.json "HTTP/1.1 307 Temporary Redirect"
2026-08-12 09:19:34,399 - httpx - INFO - HTTP Request: HEAD https://huggingface.co/api/resolve-cache/models/cross-encoder/ms-marco-MiniLM-L12-v2/7b0235231ca2674cb8ca8f022859a6eba2b1c968/config.json "HTTP/1.1 200 OK"
2026-08-12 09:19:34,695 - httpx - INFO - HTTP Request: HEAD https://huggingface.co/cross-encoder/ms-marco-MiniLM-L-12-v2/resolve/main/tokenizer_config.json "HTTP/1.1 307 Temporary Redirect"
2026-08-12 09:19:34,930 - httpx - INFO - HTTP Request: HEAD https://huggingface.co/cross-encoder/ms-marco-MiniLM-L12-v2/resolve/main/tokenizer_config.json "HTTP/1.1 307 Temporary Redirect"
2026-08-12 09:19:35,046 - httpx - INFO - HTTP Request: HEAD https://huggingface.co/api/resolve-cache/models/cross-encoder/ms-marco-MiniLM-L12-v2/7b0235231ca2674cb8ca8f022859a6eba2b1c968/tokenizer_config.json "HTTP/1.1 200 OK"
2026-08-12 09:19:35,283 - httpx - INFO - HTTP Request: GET https://huggingface.co/api/models/cross-encoder/ms-marco-MiniLM-L-12-v2/tree/main/additional_chat_templates?recursive=false&expand=false "HTTP/1.1 307 Temporary Redirect"
2026-08-12 09:19:35,503 - httpx - INFO - HTTP Request: GET https://huggingface.co/api/models/cross-encoder/ms-marco-MiniLM-L12-v2/tree/main/additional_chat_templates?recursive=false&expand=false "HTTP/1.1 404 Not Found"
2026-08-12 09:19:35,743 - httpx - INFO - HTTP Request: GET https://huggingface.co/api/models/cross-encoder/ms-marco-MiniLM-L-12-v2/tree/main?recursive=true&expand=false "HTTP/1.1 307 Temporary Redirect"
2026-08-12 09:19:35,971 - httpx - INFO - HTTP Request: GET https://huggingface.co/api/models/cross-encoder/ms-marco-MiniLM-L12-v2/tree/main?recursive=true&expand=false "HTTP/1.1 200 OK"
2026-08-12 09:19:36,512 - FacilityLinkingPipeline - INFO - Model loaded on device: cpu
2026-08-12 09:19:36,512 - FacilityLinkingPipeline - INFO - ================================================================================
2026-08-12 09:19:36,512 - FacilityLinkingPipeline - INFO - STARTING TWO-STAGE FACILITY LINKING PIPELINE
2026-08-12 09:19:36,512 - FacilityLinkingPipeline - INFO - ================================================================================
2026-08-12 09:19:36,513 - FacilityLinkingPipeline - INFO - 
--- STAGE 0: PREPROCESSING ---
2026-08-12 09:19:37,146 - FacilityPreprocessor - INFO - Preprocessed 31534 facility records
2026-08-12 09:19:37,296 - FacilityPreprocessor - INFO - Preprocessed 8796 facility records
2026-08-12 09:19:37,616 - FacilityLinkingPipeline - INFO - Saved preprocessed dataframes
2026-08-12 09:19:37,616 - FacilityLinkingPipeline - INFO - 
--- STAGE 1: RECORDLINKAGE BLOCKING ---
2026-08-12 09:19:37,616 - recordlinkage - INFO - indexing - initialize Index class
2026-08-12 09:19:37,616 - FacilityLinkingPipeline - INFO - Building multi-stage indexer...
2026-08-12 09:19:37,616 - FacilityLinkingPipeline - INFO - Added compound blocking on (region, facility_name_phonetic)
2026-08-12 09:19:37,616 - FacilityLinkingPipeline - INFO - Added region-scoped sorted neighbourhood indexing on facility_name_normalized
2026-08-12 09:19:37,680 - recordlinkage - INFO - indexing [1/?] - time: 0.06s - pairs: 0/277373064 - rr: 1.00000
2026-08-12 09:19:37,680 - recordlinkage - INFO - indexing [1/?] - time: 0.06s - pairs_total: 0/277373064 - rr_total: 1.00000
2026-08-12 09:19:37,680 - FacilityLinkingPipeline - INFO - Generated 0 candidate pairs
2026-08-12 09:19:37,681 - FacilityLinkingPipeline - INFO - Computing Stage 1 blocking features...
2026-08-12 09:19:37,681 - recordlinkage - INFO - comparing - initialize Compare class
2026-08-12 09:19:37,688 - recordlinkage - INFO - comparing [1/?] - time: 0.01s - pairs: 0
2026-08-12 09:19:37,688 - recordlinkage - INFO - comparing [1/?] - time: 0.01s - pairs_total: 0
2026-08-12 09:19:37,689 - FacilityLinkingPipeline - INFO - Computed features for 0 candidate pairs
2026-08-12 09:19:37,689 - FacilityLinkingPipeline - INFO - Blocking reduced candidate space: 277,373,064 → 0 pairs (0.00%)
2026-08-12 09:19:37,689 - FacilityLinkingPipeline - INFO - 
--- STAGE 2: LINKTRANSFORMER SEMANTIC MATCHING ---
2026-08-12 09:19:37,689 - FacilityLinkingPipeline - INFO - Scoring 0 candidate pairs...
2026-08-12 09:22:21,953 - __main__ - INFO - Loading real MFR and DHIS2 exports...
2026-08-12 09:22:22,234 - __main__ - WARNING - MFR: 2 region value(s) have no canonical mapping and will be excluded from region-based blocking: ['Central Ethiopia Region', 'South Ethiopia Region']
2026-08-12 09:22:22,284 - __main__ - INFO - MFR: 59917 rows | DHIS2: 37177 rows
2026-08-12 09:22:22,355 - __main__ - INFO - Already linked (verified via dhis2_id): 28383 pairs
2026-08-12 09:22:22,355 - __main__ - INFO - Unlinked MFR facilities to match: 31534
2026-08-12 09:22:22,355 - __main__ - INFO - Unlinked DHIS2 facilities to match: 8796
2026-08-12 09:22:22,432 - FacilityLinkingPipeline - INFO - Pipeline output directory: real_data_results
2026-08-12 09:22:22,432 - FacilityLinkingPipeline - INFO - Loading model: cross-encoder/ms-marco-MiniLM-L-12-v2
2026-08-12 09:22:22,612 - sentence_transformers.base.model - INFO - No device provided, using mps
2026-08-12 09:22:23,220 - httpx - INFO - HTTP Request: HEAD https://huggingface.co/cross-encoder/ms-marco-MiniLM-L-12-v2/resolve/main/modules.json "HTTP/1.1 307 Temporary Redirect"
2026-08-12 09:22:23,511 - httpx - INFO - HTTP Request: HEAD https://huggingface.co/cross-encoder/ms-marco-MiniLM-L12-v2/resolve/main/modules.json "HTTP/1.1 404 Not Found"
2026-08-12 09:22:23,513 - sentence_transformers.base.model - INFO - No modules.json found for cross-encoder/ms-marco-MiniLM-L-12-v2, initializing a new CrossEncoder model.
2026-08-12 09:22:23,727 - httpx - INFO - HTTP Request: GET https://huggingface.co/api/models/cross-encoder/ms-marco-MiniLM-L-12-v2 "HTTP/1.1 307 Temporary Redirect"
2026-08-12 09:22:24,034 - httpx - INFO - HTTP Request: GET https://huggingface.co/api/models/cross-encoder/ms-marco-MiniLM-L12-v2 "HTTP/1.1 200 OK"
2026-08-12 09:22:24,263 - httpx - INFO - HTTP Request: HEAD https://huggingface.co/cross-encoder/ms-marco-MiniLM-L-12-v2/resolve/main/config.json "HTTP/1.1 307 Temporary Redirect"
2026-08-12 09:22:24,558 - httpx - INFO - HTTP Request: HEAD https://huggingface.co/cross-encoder/ms-marco-MiniLM-L12-v2/resolve/main/config.json "HTTP/1.1 307 Temporary Redirect"
2026-08-12 09:22:24,671 - httpx - INFO - HTTP Request: HEAD https://huggingface.co/api/resolve-cache/models/cross-encoder/ms-marco-MiniLM-L12-v2/7b0235231ca2674cb8ca8f022859a6eba2b1c968/config.json "HTTP/1.1 200 OK"
2026-08-12 09:22:24,903 - httpx - INFO - HTTP Request: HEAD https://huggingface.co/cross-encoder/ms-marco-MiniLM-L-12-v2/resolve/main/adapter_config.json "HTTP/1.1 307 Temporary Redirect"
2026-08-12 09:22:25,125 - httpx - INFO - HTTP Request: HEAD https://huggingface.co/cross-encoder/ms-marco-MiniLM-L12-v2/resolve/main/adapter_config.json "HTTP/1.1 404 Not Found"
2026-08-12 09:22:25,341 - httpx - INFO - HTTP Request: HEAD https://huggingface.co/cross-encoder/ms-marco-MiniLM-L-12-v2/resolve/main/config.json "HTTP/1.1 307 Temporary Redirect"
2026-08-12 09:22:25,606 - httpx - INFO - HTTP Request: HEAD https://huggingface.co/cross-encoder/ms-marco-MiniLM-L12-v2/resolve/main/config.json "HTTP/1.1 307 Temporary Redirect"
2026-08-12 09:22:25,721 - httpx - INFO - HTTP Request: HEAD https://huggingface.co/api/resolve-cache/models/cross-encoder/ms-marco-MiniLM-L12-v2/7b0235231ca2674cb8ca8f022859a6eba2b1c968/config.json "HTTP/1.1 200 OK"
2026-08-12 09:22:26,374 - httpx - INFO - HTTP Request: HEAD https://huggingface.co/cross-encoder/ms-marco-MiniLM-L-12-v2/resolve/main/processor_config.json "HTTP/1.1 307 Temporary Redirect"
2026-08-12 09:22:26,655 - httpx - INFO - HTTP Request: HEAD https://huggingface.co/cross-encoder/ms-marco-MiniLM-L12-v2/resolve/main/processor_config.json "HTTP/1.1 404 Not Found"
2026-08-12 09:22:26,655 - huggingface_hub.utils._http - WARNING - Warning: You are sending unauthenticated requests to the HF Hub. Please set a HF_TOKEN to enable higher rate limits and faster downloads.
2026-08-12 09:22:26,865 - httpx - INFO - HTTP Request: HEAD https://huggingface.co/cross-encoder/ms-marco-MiniLM-L-12-v2/resolve/main/preprocessor_config.json "HTTP/1.1 307 Temporary Redirect"
2026-08-12 09:22:27,085 - httpx - INFO - HTTP Request: HEAD https://huggingface.co/cross-encoder/ms-marco-MiniLM-L12-v2/resolve/main/preprocessor_config.json "HTTP/1.1 404 Not Found"
2026-08-12 09:22:27,313 - httpx - INFO - HTTP Request: HEAD https://huggingface.co/cross-encoder/ms-marco-MiniLM-L-12-v2/resolve/main/video_preprocessor_config.json "HTTP/1.1 307 Temporary Redirect"
2026-08-12 09:22:27,534 - httpx - INFO - HTTP Request: HEAD https://huggingface.co/cross-encoder/ms-marco-MiniLM-L12-v2/resolve/main/video_preprocessor_config.json "HTTP/1.1 404 Not Found"
2026-08-12 09:22:27,756 - httpx - INFO - HTTP Request: HEAD https://huggingface.co/cross-encoder/ms-marco-MiniLM-L-12-v2/resolve/main/preprocessor_config.json "HTTP/1.1 307 Temporary Redirect"
2026-08-12 09:22:27,980 - httpx - INFO - HTTP Request: HEAD https://huggingface.co/cross-encoder/ms-marco-MiniLM-L12-v2/resolve/main/preprocessor_config.json "HTTP/1.1 404 Not Found"
2026-08-12 09:22:28,228 - httpx - INFO - HTTP Request: HEAD https://huggingface.co/cross-encoder/ms-marco-MiniLM-L-12-v2/resolve/main/tokenizer_config.json "HTTP/1.1 307 Temporary Redirect"
2026-08-12 09:22:28,447 - httpx - INFO - HTTP Request: HEAD https://huggingface.co/cross-encoder/ms-marco-MiniLM-L12-v2/resolve/main/tokenizer_config.json "HTTP/1.1 307 Temporary Redirect"
2026-08-12 09:22:28,566 - httpx - INFO - HTTP Request: HEAD https://huggingface.co/api/resolve-cache/models/cross-encoder/ms-marco-MiniLM-L12-v2/7b0235231ca2674cb8ca8f022859a6eba2b1c968/tokenizer_config.json "HTTP/1.1 200 OK"
2026-08-12 09:22:28,784 - httpx - INFO - HTTP Request: HEAD https://huggingface.co/cross-encoder/ms-marco-MiniLM-L-12-v2/resolve/main/config.json "HTTP/1.1 307 Temporary Redirect"
2026-08-12 09:22:29,013 - httpx - INFO - HTTP Request: HEAD https://huggingface.co/cross-encoder/ms-marco-MiniLM-L12-v2/resolve/main/config.json "HTTP/1.1 307 Temporary Redirect"
2026-08-12 09:22:29,127 - httpx - INFO - HTTP Request: HEAD https://huggingface.co/api/resolve-cache/models/cross-encoder/ms-marco-MiniLM-L12-v2/7b0235231ca2674cb8ca8f022859a6eba2b1c968/config.json "HTTP/1.1 200 OK"
2026-08-12 09:22:29,347 - httpx - INFO - HTTP Request: HEAD https://huggingface.co/cross-encoder/ms-marco-MiniLM-L-12-v2/resolve/main/config.json "HTTP/1.1 307 Temporary Redirect"
2026-08-12 09:22:29,563 - httpx - INFO - HTTP Request: HEAD https://huggingface.co/cross-encoder/ms-marco-MiniLM-L12-v2/resolve/main/config.json "HTTP/1.1 307 Temporary Redirect"
2026-08-12 09:22:29,676 - httpx - INFO - HTTP Request: HEAD https://huggingface.co/api/resolve-cache/models/cross-encoder/ms-marco-MiniLM-L12-v2/7b0235231ca2674cb8ca8f022859a6eba2b1c968/config.json "HTTP/1.1 200 OK"
2026-08-12 09:22:29,895 - httpx - INFO - HTTP Request: HEAD https://huggingface.co/cross-encoder/ms-marco-MiniLM-L-12-v2/resolve/main/tokenizer_config.json "HTTP/1.1 307 Temporary Redirect"
2026-08-12 09:22:30,112 - httpx - INFO - HTTP Request: HEAD https://huggingface.co/cross-encoder/ms-marco-MiniLM-L12-v2/resolve/main/tokenizer_config.json "HTTP/1.1 307 Temporary Redirect"
2026-08-12 09:22:30,225 - httpx - INFO - HTTP Request: HEAD https://huggingface.co/api/resolve-cache/models/cross-encoder/ms-marco-MiniLM-L12-v2/7b0235231ca2674cb8ca8f022859a6eba2b1c968/tokenizer_config.json "HTTP/1.1 200 OK"
2026-08-12 09:22:30,572 - httpx - INFO - HTTP Request: GET https://huggingface.co/api/models/cross-encoder/ms-marco-MiniLM-L-12-v2/tree/main/additional_chat_templates?recursive=false&expand=false "HTTP/1.1 307 Temporary Redirect"
2026-08-12 09:22:30,851 - httpx - INFO - HTTP Request: GET https://huggingface.co/api/models/cross-encoder/ms-marco-MiniLM-L12-v2/tree/main/additional_chat_templates?recursive=false&expand=false "HTTP/1.1 404 Not Found"
2026-08-12 09:22:31,068 - httpx - INFO - HTTP Request: GET https://huggingface.co/api/models/cross-encoder/ms-marco-MiniLM-L-12-v2/tree/main?recursive=true&expand=false "HTTP/1.1 307 Temporary Redirect"
2026-08-12 09:22:31,283 - httpx - INFO - HTTP Request: GET https://huggingface.co/api/models/cross-encoder/ms-marco-MiniLM-L12-v2/tree/main?recursive=true&expand=false "HTTP/1.1 200 OK"
2026-08-12 09:22:31,996 - FacilityLinkingPipeline - INFO - Model loaded on device: cpu
2026-08-12 09:22:31,996 - FacilityLinkingPipeline - INFO - ================================================================================
2026-08-12 09:22:31,996 - FacilityLinkingPipeline - INFO - STARTING TWO-STAGE FACILITY LINKING PIPELINE
2026-08-12 09:22:31,996 - FacilityLinkingPipeline - INFO - ================================================================================
2026-08-12 09:22:31,998 - FacilityLinkingPipeline - INFO - 
--- STAGE 0: PREPROCESSING ---
2026-08-12 09:22:32,673 - FacilityPreprocessor - INFO - Preprocessed 31534 facility records
2026-08-12 09:22:33,286 - FacilityPreprocessor - INFO - Preprocessed 8796 facility records
2026-08-12 09:22:34,162 - FacilityLinkingPipeline - INFO - Saved preprocessed dataframes
2026-08-12 09:22:34,163 - FacilityLinkingPipeline - INFO - 
--- STAGE 1: RECORDLINKAGE BLOCKING ---
2026-08-12 09:22:34,163 - recordlinkage - INFO - indexing - initialize Index class
2026-08-12 09:22:34,163 - FacilityLinkingPipeline - INFO - Building multi-stage indexer...
2026-08-12 09:22:34,163 - FacilityLinkingPipeline - INFO - Added compound blocking on (region, facility_name_phonetic)
2026-08-12 09:22:34,163 - FacilityLinkingPipeline - INFO - Added region-scoped sorted neighbourhood indexing on facility_name_normalized
2026-08-12 09:22:34,263 - recordlinkage - INFO - indexing [1/?] - time: 0.10s - pairs: 39086/277373064 - rr: 0.99986
2026-08-12 09:22:34,263 - recordlinkage - INFO - indexing [1/?] - time: 0.10s - pairs_total: 39086/277373064 - rr_total: 0.99986
2026-08-12 09:22:34,264 - FacilityLinkingPipeline - INFO - Generated 39086 candidate pairs
2026-08-12 09:22:34,264 - FacilityLinkingPipeline - INFO - Computing Stage 1 blocking features...
2026-08-12 09:22:34,264 - recordlinkage - INFO - comparing - initialize Compare class
2026-08-12 09:22:35,129 - recordlinkage - INFO - comparing [1/?] - time: 0.86s - pairs: 39086
2026-08-12 09:22:35,129 - recordlinkage - INFO - comparing [1/?] - time: 0.86s - pairs_total: 39086
2026-08-12 09:22:35,139 - FacilityLinkingPipeline - INFO - Computed features for 39086 candidate pairs
2026-08-12 09:22:35,140 - FacilityLinkingPipeline - INFO - Blocking reduced candidate space: 277,373,064 → 39,086 pairs (0.01%)
2026-08-12 09:22:35,235 - FacilityLinkingPipeline - INFO - 
--- STAGE 2: LINKTRANSFORMER SEMANTIC MATCHING ---
2026-08-12 09:22:35,235 - FacilityLinkingPipeline - INFO - Scoring 39086 candidate pairs...
2026-08-12 09:22:38,673 - FacilityLinkingPipeline - INFO - Scored 640 pairs
2026-08-12 09:22:42,513 - FacilityLinkingPipeline - INFO - Scored 1280 pairs
2026-08-12 09:22:45,526 - FacilityLinkingPipeline - INFO - Scored 1920 pairs
2026-08-12 09:22:48,196 - FacilityLinkingPipeline - INFO - Scored 2560 pairs
2026-08-12 09:22:51,657 - FacilityLinkingPipeline - INFO - Scored 3200 pairs
2026-08-12 09:22:54,441 - FacilityLinkingPipeline - INFO - Scored 3840 pairs
2026-08-12 09:22:57,084 - FacilityLinkingPipeline - INFO - Scored 4480 pairs
2026-08-12 09:22:59,614 - FacilityLinkingPipeline - INFO - Scored 5120 pairs
2026-08-12 09:23:02,259 - FacilityLinkingPipeline - INFO - Scored 5760 pairs
2026-08-12 09:23:05,488 - FacilityLinkingPipeline - INFO - Scored 6400 pairs
2026-08-12 09:23:08,438 - FacilityLinkingPipeline - INFO - Scored 7040 pairs
2026-08-12 09:23:11,309 - FacilityLinkingPipeline - INFO - Scored 7680 pairs
2026-08-12 09:23:14,025 - FacilityLinkingPipeline - INFO - Scored 8320 pairs
2026-08-12 09:23:16,906 - FacilityLinkingPipeline - INFO - Scored 8960 pairs
2026-08-12 09:23:19,569 - FacilityLinkingPipeline - INFO - Scored 9600 pairs
2026-08-12 09:23:22,562 - FacilityLinkingPipeline - INFO - Scored 10240 pairs
2026-08-12 09:23:25,391 - FacilityLinkingPipeline - INFO - Scored 10880 pairs
2026-08-12 09:23:28,562 - FacilityLinkingPipeline - INFO - Scored 11520 pairs
2026-08-12 09:23:32,529 - FacilityLinkingPipeline - INFO - Scored 12160 pairs
2026-08-12 09:23:35,375 - FacilityLinkingPipeline - INFO - Scored 12800 pairs
2026-08-12 09:23:38,609 - FacilityLinkingPipeline - INFO - Scored 13440 pairs
2026-08-12 09:23:42,266 - FacilityLinkingPipeline - INFO - Scored 14080 pairs
2026-08-12 09:23:45,146 - FacilityLinkingPipeline - INFO - Scored 14720 pairs
2026-08-12 09:23:48,034 - FacilityLinkingPipeline - INFO - Scored 15360 pairs
2026-08-12 09:23:50,749 - FacilityLinkingPipeline - INFO - Scored 16000 pairs
2026-08-12 09:23:53,666 - FacilityLinkingPipeline - INFO - Scored 16640 pairs
2026-08-12 09:23:56,452 - FacilityLinkingPipeline - INFO - Scored 17280 pairs
2026-08-12 09:23:59,363 - FacilityLinkingPipeline - INFO - Scored 17920 pairs
2026-08-12 09:24:02,354 - FacilityLinkingPipeline - INFO - Scored 18560 pairs
2026-08-12 09:24:05,315 - FacilityLinkingPipeline - INFO - Scored 19200 pairs
2026-08-12 09:24:09,241 - FacilityLinkingPipeline - INFO - Scored 19840 pairs
2026-08-12 09:24:13,111 - FacilityLinkingPipeline - INFO - Scored 20480 pairs
2026-08-12 09:24:16,526 - FacilityLinkingPipeline - INFO - Scored 21120 pairs
2026-08-12 09:24:19,287 - FacilityLinkingPipeline - INFO - Scored 21760 pairs
2026-08-12 09:24:22,293 - FacilityLinkingPipeline - INFO - Scored 22400 pairs
2026-08-12 09:24:24,912 - FacilityLinkingPipeline - INFO - Scored 23040 pairs
2026-08-12 09:24:27,701 - FacilityLinkingPipeline - INFO - Scored 23680 pairs
2026-08-12 09:24:30,460 - FacilityLinkingPipeline - INFO - Scored 24320 pairs
2026-08-12 09:24:33,033 - FacilityLinkingPipeline - INFO - Scored 24960 pairs
2026-08-12 09:24:35,916 - FacilityLinkingPipeline - INFO - Scored 25600 pairs
2026-08-12 09:24:38,483 - FacilityLinkingPipeline - INFO - Scored 26240 pairs
2026-08-12 09:24:41,896 - FacilityLinkingPipeline - INFO - Scored 26880 pairs
2026-08-12 09:24:45,058 - FacilityLinkingPipeline - INFO - Scored 27520 pairs
2026-08-12 09:24:48,000 - FacilityLinkingPipeline - INFO - Scored 28160 pairs
2026-08-12 09:24:50,929 - FacilityLinkingPipeline - INFO - Scored 28800 pairs
2026-08-12 09:24:53,502 - FacilityLinkingPipeline - INFO - Scored 29440 pairs
2026-08-12 09:24:56,104 - FacilityLinkingPipeline - INFO - Scored 30080 pairs
2026-08-12 09:24:58,715 - FacilityLinkingPipeline - INFO - Scored 30720 pairs
2026-08-12 09:25:01,729 - FacilityLinkingPipeline - INFO - Scored 31360 pairs
2026-08-12 09:25:04,771 - FacilityLinkingPipeline - INFO - Scored 32000 pairs
2026-08-12 09:25:07,314 - FacilityLinkingPipeline - INFO - Scored 32640 pairs
2026-08-12 09:25:10,166 - FacilityLinkingPipeline - INFO - Scored 33280 pairs
2026-08-12 09:25:13,308 - FacilityLinkingPipeline - INFO - Scored 33920 pairs
2026-08-12 09:25:15,917 - FacilityLinkingPipeline - INFO - Scored 34560 pairs
2026-08-12 09:25:18,613 - FacilityLinkingPipeline - INFO - Scored 35200 pairs
2026-08-12 09:25:21,049 - FacilityLinkingPipeline - INFO - Scored 35840 pairs
2026-08-12 09:25:24,106 - FacilityLinkingPipeline - INFO - Scored 36480 pairs
2026-08-12 09:25:26,909 - FacilityLinkingPipeline - INFO - Scored 37120 pairs
2026-08-12 09:25:29,600 - FacilityLinkingPipeline - INFO - Scored 37760 pairs
2026-08-12 09:25:32,323 - FacilityLinkingPipeline - INFO - Scored 38400 pairs
2026-08-12 09:25:35,065 - FacilityLinkingPipeline - INFO - Scored 39040 pairs
2026-08-12 09:25:35,856 - FacilityLinkingPipeline - INFO - Scoring complete. Mean score: 0.526
2026-08-12 09:25:36,199 - FacilityLinkingPipeline - INFO - 
--- THRESHOLD CALIBRATION ---
2026-08-12 09:25:36,199 - FacilityLinkingPipeline - INFO - No manual validation data provided; using default threshold
2026-08-12 09:25:36,199 - FacilityLinkingPipeline - INFO - 
--- FINAL MATCHING ---
2026-08-12 09:25:36,204 - FacilityLinkingPipeline - INFO - Final matches at threshold 0.800: 3114
2026-08-12 09:25:36,220 - FacilityLinkingPipeline - INFO - Saved final matches to final_facility_matches.csv
2026-08-12 09:25:36,221 - FacilityLinkingPipeline - INFO - 
================================================================================
2026-08-12 09:25:36,221 - FacilityLinkingPipeline - INFO - PIPELINE SUMMARY
2026-08-12 09:25:36,221 - FacilityLinkingPipeline - INFO - ================================================================================
2026-08-12 09:25:36,221 - FacilityLinkingPipeline - INFO - MFR Records: 31,534
2026-08-12 09:25:36,221 - FacilityLinkingPipeline - INFO - DHIS2 Records: 8,796
2026-08-12 09:25:36,221 - FacilityLinkingPipeline - INFO - Candidate Pairs (Stage 1): 39,086
2026-08-12 09:25:36,221 - FacilityLinkingPipeline - INFO - Match Threshold: 0.800
2026-08-12 09:25:36,221 - FacilityLinkingPipeline - INFO - Final Matches: 3,114
2026-08-12 09:25:36,221 - FacilityLinkingPipeline - INFO - MFR Coverage: 6.3%
2026-08-12 09:25:36,221 - FacilityLinkingPipeline - INFO - DHIS2 Coverage: 18.1%
2026-08-12 09:25:36,253 - __main__ - INFO - ================================================================================
2026-08-12 09:25:36,253 - __main__ - INFO - REAL DATA RUN COMPLETE
2026-08-12 09:25:36,253 - __main__ - INFO - ================================================================================
2026-08-12 09:25:36,253 - __main__ - INFO - MFR facilities matched against: 31534
2026-08-12 09:25:36,253 - __main__ - INFO - DHIS2 facilities matched against: 8796
2026-08-12 09:25:36,253 - __main__ - INFO - Candidate pairs (Stage 1): 39086
2026-08-12 09:25:36,253 - __main__ - INFO - New matches found: 3114
2026-08-12 09:25:36,379 - __main__ - INFO - Combined (existing + newly inferred) matches saved to real_data_results/combined_facility_matches.csv
2026-08-12 09:25:36,379 - __main__ - INFO - Total combined matches: 31497
2026-08-12 09:25:36,382 - __main__ - INFO - 
All outputs saved to: /Users/eyobnebyou/habtech data/linking_new/real_data_results
